cargo : warning: unused imports: `IndexedParallelIterator` 
and `ParallelIterator`
At line:1 char:1
+ cargo test --features partitioning -- --nocapture 
--test-threads=1 2> ...
+ ~~~~~~~~~~~~~~~~~~~~~~~~~~~~~~~~~~~~~~~~~~~~~~~~~~~~~~~~~
~~~~~~~~~~~~
    + CategoryInfo          : NotSpecified: (warning: unus 
   ed...rallelIterator`:String) [], RemoteException
    + FullyQualifiedErrorId : NativeCommandError
 
 --> src\partitioning\graph_traits.rs:2:19
  |
2 | ...r::{IndexedParallelIterator, ParallelIterator};
  |        ^^^^^^^^^^^^^^^^^^^^^^^  ^^^^^^^^^^^^^^^^
  |
  = note: `#[warn(unused_imports)]` on by default

warning: unused import: `rayon::prelude::*`
 --> src\partitioning\graph_traits.rs:3:5
  |
3 | use rayon::prelude::*;
  |     ^^^^^^^^^^^^^^^^^

warning: unused import: `ahash::AHasher`
 --> src\partitioning\seed_select.rs:7:5
  |
7 | use ahash::AHasher;
  |     ^^^^^^^^^^^^^^

warning: unused import: `std::collections::HashSet`
 --> src\partitioning\vertex_cut.rs:5:5
  |
5 | use std::collections::HashSet;
  |     ^^^^^^^^^^^^^^^^^^^^^^^^^

warning: unused import: `seed_select::pick_seeds`
  --> src\partitioning\mod.rs:82:101
   |
82 | ...pack::Item, seed_select::pick_seeds, vertex_cut:...
   |                ^^^^^^^^^^^^^^^^^^^^^^^

warning: unused import: `rayon::prelude`
 --> src\partitioning\louvain.rs:5:5
  |
5 | use rayon::prelude::*;
  |     ^^^^^^^^^^^^^^

warning: unused import: `rayon::prelude`
 --> src\partitioning\seed_select.rs:3:5
  |
3 | use rayon::prelude::*;
  |     ^^^^^^^^^^^^^^

warning: variable does not need to be mutable
  --> src\partitioning\seed_select.rs:24:9
   |
24 |     let mut vertices: Vec<usize> = graph.vertices();
   |         ----^^^^^^^^
   |         |
   |         help: remove this `mut`
   |
   = note: `#[warn(unused_mut)]` on by default

warning: value assigned to `current_cluster_count` is 
never read
  --> src\partitioning\louvain.rs:55:13
   |
55 |     let mut current_cluster_count: u32 = n as u32;
   |             ^^^^^^^^^^^^^^^^^^^^^
   |
   = help: maybe it is overwritten before being read?
   = note: `#[warn(unused_assignments)]` on by default

warning: variable does not need to be mutable
   --> src\partitioning\louvain.rs:112:9
    |
112 |     let mut unique_ids: Vec<u32> = {
    |         ----^^^^^^^^^^
    |         |
    |         help: remove this `mut`

warning: unused variable: `cid`
   --> src\partitioning\mod.rs:113:15
    |
113 |     for (i, (&cid, verts)) in cluster_to_verts.ite...
    |               ^^^ help: if this is intentional, 
prefix it with an underscore: `_cid`
    |
    = note: `#[warn(unused_variables)]` on by default

warning: unused variable: `verts`
   --> src\partitioning\mod.rs:105:68
    |
105 | ...er().map(|(&cid, verts)| {
    |                     ^^^^^ help: if this is 
intentional, prefix it with an underscore: `_verts`

warning: variable does not need to be mutable
   --> src\partitioning\mod.rs:105:9
    |
105 |     let mut items: Vec<Item> = cluster_to_verts.it...
    |         ----^^^^^
    |         |
    |         help: remove this `mut`

warning: type alias `EmptyMapIter` is never used
  --> src\topology\sieve.rs:85:6
   |
85 | type EmptyMapIter<'a, P, T> = std::iter::Map<std::s...
   |      ^^^^^^^^^^^^
   |
   = note: `#[warn(dead_code)]` on by default

warning: fields `id` and `internal_edges` are never read
  --> src\partitioning\louvain.rs:11:5
   |
10 | struct Cluster {
   |        ------- fields in this struct
11 |     id: u32,
   |     ^^
12 |     volume: u64,
13 |     internal_edges: u64,
   |     ^^^^^^^^^^^^^^
   |
   = note: `Cluster` has derived impls for the traits 
`Clone` and `Debug`, but these are intentionally ignored 
during dead code analysis

warning: unused import: `std::collections::HashMap`
  --> src\partitioning\metrics.rs:75:9
   |
75 |     use std::collections::HashMap;
   |         ^^^^^^^^^^^^^^^^^^^^^^^^^

warning: variable does not need to be mutable
   --> src\partitioning\louvain.rs:193:13
    |
193 |         let mut unique_clusters: Vec<u32> = {
    |             ----^^^^^^^^^^^^^^^
    |             |
    |             help: remove this `mut`

warning: methods `edges_serial` and `edges` are never used
   --> src\partitioning\louvain.rs:169:12

running 32 tests
test algs::communicator::tests::rayon_roundtrip_two_ranks ... ok
test algs::dual_graph::tests::dual_graph_two_cells ... ok
test algs::lattice::tests::adjacent_symmetry ... ok
test algs::lattice::tests::join_contains_both_cells ... ok
test algs::lattice::tests::meet_contains_shared_verts ... ok
test algs::traversal::tests::closure_contains_cone ... ok
test algs::traversal::tests::link_disjoint_from_cone_and_support ... ok
test data::atlas::tests::insert_and_lookup ... ok
test data::atlas::tests::zero_len_rejected - should panic ... ok
test data::section::tests::iter_order ... ok
test data::section::tests::restrict_and_set ... ok
test partitioning::binpack::tests::many_buckets_few_items ... ok
test partitioning::binpack::tests::simple_binpack_test ... ok
test partitioning::louvain::tests::test_louvain_path_graph_small ... FAILED
test partitioning::louvain::tests::test_no_merge_if_alpha_zero ... ok
test partitioning::metrics::tests::edge_cut_cycle ... ok
test partitioning::metrics::tests::edge_cut_path ... ok
test partitioning::metrics::tests::replication_factor_distinct ... ok
test partitioning::metrics::tests::replication_factor_path ... FAILED
test partitioning::metrics::tests::replication_factor_trivial ... ok
test partitioning::seed_select::tests::pick_seeds_equal_degrees ... ok
test partitioning::seed_select::tests::pick_seeds_more_than_n ... ok
test partitioning::seed_select::tests::pick_seeds_path_highest_degree ... FAILED
test partitioning::tests::trivial_partition_compiles ... ok
test partitioning::vertex_cut::tests::vertex_cut_cycle ... ok
    |
168 |     impl PathGraph {
    |     -------------- methods in this implementation
169 |         fn edges_serial(&self) -> Vec<(usize, usiz...
    |            ^^^^^^^^^^^^
...
177 |         fn edges(&self) -> impl ParallelIterator<I...
    |            ^^^^^

warning: `sieve-rs` (lib) generated 15 warnings (run 
`cargo fix --lib -p sieve-rs` to apply 8 suggestions)
warning: `sieve-rs` (lib test) generated 17 warnings (14 
duplicates) (run `cargo fix --lib -p sieve-rs --tests` to 
apply 2 suggestions)
warning: unused import: 
`sieve_rs::algs::completion::complete_section`
 --> examples\mpi_complete.rs:4:5
  |
4 | use sieve_rs::algs::completion::complete_section;
test partitioning::vertex_cut::tests::vertex_cut_isolated ... ok
test partitioning::vertex_cut::tests::vertex_cut_triangle_distinct ... ok
test topology::arrow::tests::build_and_endpoints ... ok
test topology::arrow::tests::equality_and_hash ... ok
test topology::arrow::tests::payload_map ... ok
test topology::point::tests::non_zero_guard ... ok
test topology::point::tests::ordering_and_hash ... ok

failures:

failures:
    partitioning::louvain::tests::test_louvain_path_graph_small
    partitioning::metrics::tests::replication_factor_path
    partitioning::seed_select::tests::pick_seeds_path_highest_degree

test result: FAILED. 29 passed; 3 failed; 0 ignored; 0 measured; 0 filtered out; finished in 0.00s

  |     ^^^^^^^^^^^^^^^^^^^^^^^^^^^^^^^^^^^^^^^^^^^^
  |
  = note: `#[warn(unused_imports)]` on by default

warning: unused import: 
`sieve_rs::overlap::overlap::Overlap`
 --> examples\mpi_complete.rs:5:5
  |
5 | use sieve_rs::overlap::overlap::Overlap;
  |     ^^^^^^^^^^^^^^^^^^^^^^^^^^^^^^^^^^^

warning: unused import: 
`sieve_rs::overlap::delta::CopyDelta`
 --> examples\mpi_complete.rs:6:5
  |
6 | use sieve_rs::overlap::delta::CopyDelta;
  |     ^^^^^^^^^^^^^^^^^^^^^^^^^^^^^^^^^^^

warning: unused import: `sieve_rs::data::atlas::Atlas`
 --> examples\mpi_complete.rs:7:5
  |
7 | use sieve_rs::data::atlas::Atlas;
  |     ^^^^^^^^^^^^^^^^^^^^^^^^^^^^

warning: unused import: `sieve_rs::data::section::Section`
 --> examples\mpi_complete.rs:8:5
  |
8 | use sieve_rs::data::section::Section;
  |     ^^^^^^^^^^^^^^^^^^^^^^^^^^^^^^^^

warning: unused import: 
`sieve_rs::topology::point::PointId`
 --> examples\mpi_complete.rs:9:5
  |
9 | use sieve_rs::topology::point::PointId;
  |     ^^^^^^^^^^^^^^^^^^^^^^^^^^^^^^^^^^

warning: unused import: `std::process`
  --> examples\mpi_complete.rs:12:5
   |
12 | use std::process;
   |     ^^^^^^^^^^^^

warning: unused variable: `dg`
  --> examples\partition.rs:21:9
   |
21 |     let dg: DualGraph = build_dual(&mesh, cells.clo...
   |         ^^ help: if this is intentional, prefix it 
with an underscore: `_dg`
   |
   = note: `#[warn(unused_variables)]` on by default

warning: `sieve-rs` (example "mpi_complete") generated 7 
warnings (run `cargo fix --example "mpi_complete"` to 
apply 7 suggestions)
warning: `sieve-rs` (example "partition") generated 1 
warning
    Finished `test` profile [unoptimized + debuginfo] 
target(s) in 0.10s
     Running unittests src\lib.rs 
(target\debug\deps\sieve_rs-bad114a9db32cf61.exe)

thread 'data::atlas::tests::zero_len_rejected' panicked at 
src\data\atlas.rs:17:9:
len==0 reserved
note: run with `RUST_BACKTRACE=1` environment variable to 
display a backtrace

thread 'partitioning::louvain::tests::test_louvain_path_gra
ph_small' panicked at src\partitioning\louvain.rs:199:9:
Too many clusters: 5 > 4

thread 
'partitioning::metrics::tests::replication_factor_path' 
panicked at src\partitioning\metrics.rs:136:9:
assertion failed: (rf - 1.3333).abs() < 1e-3

thread 'partitioning::seed_select::tests::pick_seeds_path_h
ighest_degree' panicked at 
src\partitioning\seed_select.rs:91:9:
assertion failed: seeds.contains(&2)

thread 'topology::point::tests::non_zero_guard' panicked 
at src\topology\point.rs:19:35:
PointId must be non-zero
error: test failed, to rerun pass `--lib`
